// Jest Snapshot v1, https://goo.gl/fbAQLP

exports[`UserListRow should match snapshot 1`] = `
<Component
  style={
    Object {
      "flex": 1,
      "flexDirection": "row",
      "marginLeft": 10,
    }
  }
>
  <CustomListRow
    enabled={true}
    id="21345"
    onPress={[Function]}
    theme={
      Object {
        "awayIndicator": "#ffbc42",
        "buttonBg": "#166de0",
        "buttonColor": "#ffffff",
        "centerChannelBg": "#ffffff",
        "centerChannelColor": "#3d3c40",
        "codeTheme": "github",
        "dndIndicator": "#f74343",
        "errorTextColor": "#fd5960",
        "linkColor": "#2389d7",
        "mentionBj": "#ffffff",
        "mentionColor": "#145dbf",
        "mentionHighlightBg": "#ffe577",
        "mentionHighlightLink": "#166de0",
        "newMessageSeparator": "#ff8800",
        "onlineIndicator": "#06d6a0",
        "sidebarBg": "#145dbf",
        "sidebarHeaderBg": "#1153ab",
        "sidebarHeaderTextColor": "#ffffff",
        "sidebarText": "#ffffff",
        "sidebarTextActiveBorder": "#579eff",
        "sidebarTextActiveColor": "#ffffff",
        "sidebarTextHoverBg": "#4578bf",
        "sidebarUnreadText": "#ffffff",
        "type": "Mattermost",
      }
    }
  >
    <Component
      style={
        Object {
          "color": "#3d3c40",
          "flexDirection": "row",
          "marginLeft": 10,
        }
      }
    >
      <Connect(ProfilePicture)
        size={32}
        userId="21345"
      />
    </Component>
    <Component
      style={
        Array [
          Object {
            "marginLeft": 5,
          },
          Object {
            "justifyContent": "center",
          },
        ]
      }
    >
      <Component>
        <Component
          ellipsizeMode="tail"
          numberOfLines={1}
          style={
            Object {
              "color": "#3d3c40",
              "fontSize": 15,
            }
          }
        >
          @user
        </Component>
      </Component>
    </Component>
    <Component
      style={
        Object {
          "width": 25,
        }
      }
    />
  </CustomListRow>
</Component>
`;

exports[`UserListRow should match snapshot for  currentUser with (you) populated in list 1`] = `
<Component
  style={
    Object {
      "flex": 1,
      "flexDirection": "row",
      "marginLeft": 10,
    }
  }
>
  <CustomListRow
    enabled={true}
    id="21345"
    onPress={[Function]}
    theme={
      Object {
        "awayIndicator": "#ffbc42",
        "buttonBg": "#166de0",
        "buttonColor": "#ffffff",
        "centerChannelBg": "#ffffff",
        "centerChannelColor": "#3d3c40",
        "codeTheme": "github",
        "dndIndicator": "#f74343",
        "errorTextColor": "#fd5960",
        "linkColor": "#2389d7",
        "mentionBj": "#ffffff",
        "mentionColor": "#145dbf",
        "mentionHighlightBg": "#ffe577",
        "mentionHighlightLink": "#166de0",
        "newMessageSeparator": "#ff8800",
        "onlineIndicator": "#06d6a0",
        "sidebarBg": "#145dbf",
        "sidebarHeaderBg": "#1153ab",
        "sidebarHeaderTextColor": "#ffffff",
        "sidebarText": "#ffffff",
        "sidebarTextActiveBorder": "#579eff",
        "sidebarTextActiveColor": "#ffffff",
        "sidebarTextHoverBg": "#4578bf",
        "sidebarUnreadText": "#ffffff",
        "type": "Mattermost",
      }
    }
  >
    <Component
      style={
        Object {
          "color": "#3d3c40",
          "flexDirection": "row",
          "marginLeft": 10,
        }
      }
    >
      <Connect(ProfilePicture)
        size={32}
        userId="21345"
      />
    </Component>
    <Component
      style={
        Array [
          Object {
            "marginLeft": 5,
          },
          Object {
            "justifyContent": "center",
          },
        ]
      }
    >
      <Component>
        <Component
          ellipsizeMode="tail"
          numberOfLines={1}
          style={
            Object {
              "color": "#3d3c40",
              "fontSize": 15,
            }
          }
        />
      </Component>
    </Component>
    <Component
      style={
        Object {
          "width": 25,
        }
      }
    />
  </CustomListRow>
</Component>
`;

exports[`UserListRow should match snapshot for deactivated user 1`] = `
<Component
  style={
    Object {
      "flex": 1,
      "flexDirection": "row",
      "marginLeft": 10,
    }
  }
>
  <CustomListRow
    enabled={true}
    id="21345"
    onPress={[Function]}
    theme={
      Object {
        "awayIndicator": "#ffbc42",
        "buttonBg": "#166de0",
        "buttonColor": "#ffffff",
        "centerChannelBg": "#ffffff",
        "centerChannelColor": "#3d3c40",
        "codeTheme": "github",
        "dndIndicator": "#f74343",
        "errorTextColor": "#fd5960",
        "linkColor": "#2389d7",
        "mentionBj": "#ffffff",
        "mentionColor": "#145dbf",
        "mentionHighlightBg": "#ffe577",
        "mentionHighlightLink": "#166de0",
        "newMessageSeparator": "#ff8800",
        "onlineIndicator": "#06d6a0",
        "sidebarBg": "#145dbf",
        "sidebarHeaderBg": "#1153ab",
        "sidebarHeaderTextColor": "#ffffff",
        "sidebarText": "#ffffff",
        "sidebarTextActiveBorder": "#579eff",
        "sidebarTextActiveColor": "#ffffff",
        "sidebarTextHoverBg": "#4578bf",
        "sidebarUnreadText": "#ffffff",
        "type": "Mattermost",
      }
    }
  >
    <Component
      style={
        Object {
          "color": "#3d3c40",
          "flexDirection": "row",
          "marginLeft": 10,
        }
      }
    >
      <Connect(ProfilePicture)
        size={32}
        userId="21345"
      />
    </Component>
    <Component
      style={
        Array [
          Object {
            "marginLeft": 5,
          },
          Object {
            "justifyContent": "center",
          },
        ]
      }
    >
      <Component>
        <Component
          ellipsizeMode="tail"
          numberOfLines={1}
          style={
            Object {
              "color": "#3d3c40",
              "fontSize": 15,
            }
          }
        />
      </Component>
    </Component>
    <Component
      style={
        Object {
          "width": 25,
        }
      }
    />
  </CustomListRow>
</Component>
`;
