// Jest Snapshot v1, https://goo.gl/fbAQLP

exports[`Theme should match snapshot 1`] = `
<View
  style={
    Object {
      "backgroundColor": "#ffffff",
      "flex": 1,
    }
  }
>
  <Connect(StatusBar) />
  <View
    style={
      Object {
        "backgroundColor": "rgba(61,60,64,0.06)",
        "flex": 1,
        "paddingTop": 35,
      }
    }
  >
    <section
      disableHeader={true}
      theme={
        Object {
          "awayIndicator": "#ffbc42",
          "buttonBg": "#166de0",
          "buttonColor": "#ffffff",
          "centerChannelBg": "#ffffff",
          "centerChannelColor": "#3d3c40",
          "codeTheme": "github",
          "dndIndicator": "#f74343",
          "errorTextColor": "#fd5960",
          "linkColor": "#2389d7",
          "mentionBj": "#ffffff",
          "mentionColor": "#145dbf",
          "mentionHighlightBg": "#ffe577",
          "mentionHighlightLink": "#166de0",
          "newMessageSeparator": "#ff8800",
          "onlineIndicator": "#06d6a0",
          "sidebarBg": "#145dbf",
          "sidebarHeaderBg": "#1153ab",
          "sidebarHeaderTextColor": "#ffffff",
          "sidebarText": "#ffffff",
          "sidebarTextActiveBorder": "#579eff",
          "sidebarTextActiveColor": "#ffffff",
          "sidebarTextHoverBg": "#4578bf",
          "sidebarUnreadText": "#ffffff",
          "type": "Mattermost",
        }
      }
    >
      <FlatList
        disableVirtualization={false}
        horizontal={false}
        initialNumToRender={10}
        keyExtractor={[Function]}
        maxToRenderPerBatch={10}
        numColumns={1}
        onEndReachedThreshold={2}
        renderItem={[Function]}
        scrollEventThrottle={50}
        updateCellsBatchingPeriod={50}
        windowSize={21}
      />
    </section>
  </View>
</View>
`;
