// Jest Snapshot v1, https://goo.gl/fbAQLP

exports[`MoreChannels should match snapshot 1`] = `
<KeyboardLayout>
  <Connect(StatusBar) />
  <React.Fragment>
    <Component
      style={
        Object {
          "marginVertical": 5,
        }
      }
    >
      <SearchBarIos
        autoCapitalize="none"
        backgroundColor="transparent"
        blurOnSubmit={true}
        inputHeight={33}
        inputStyle={
          Object {
            "backgroundColor": "rgba(61,60,64,0.2)",
            "color": "#3d3c40",
            "fontSize": 15,
          }
        }
        onBlur={[Function]}
        onCancelButtonPress={[Function]}
        onChangeText={[Function]}
        onFocus={[Function]}
        onSearchButtonPress={[Function]}
        onSelectionChange={[Function]}
        placeholderTextColor="rgba(61,60,64,0.5)"
        tintColorDelete="rgba(61,60,64,0.5)"
        tintColorSearch="rgba(61,60,64,0.5)"
        titleCancelColor="#3d3c40"
        value=""
      />
    </Component>
    <CustomList
      createSections={[Function]}
      data={
        Array [
          Object {
            "display_name": "display_name",
            "id": "id",
            "name": "name",
          },
        ]
      }
      listInitialSize={10}
      listPageSize={10}
      listScrollRenderAheadDistance={50}
      loading={false}
      loadingText={
        Object {
          "defaultMessage": "Loading Channels...",
          "id": "mobile.loading_channels",
        }
      }
      onListEndReached={[Function]}
      onListEndReachedThreshold={50}
      onRowPress={[Function]}
      renderRow={[Function]}
      searching={false}
      selectable={false}
      showNoResults={false}
      showSections={false}
      theme={
        Object {
          "awayIndicator": "#ffbc42",
          "buttonBg": "#166de0",
          "buttonColor": "#ffffff",
          "centerChannelBg": "#ffffff",
          "centerChannelColor": "#3d3c40",
          "codeTheme": "github",
          "dndIndicator": "#f74343",
          "errorTextColor": "#fd5960",
          "linkColor": "#2389d7",
          "mentionBj": "#ffffff",
          "mentionColor": "#145dbf",
          "mentionHighlightBg": "#ffe577",
          "mentionHighlightLink": "#166de0",
          "newMessageSeparator": "#ff8800",
          "onlineIndicator": "#06d6a0",
          "sidebarBg": "#145dbf",
          "sidebarHeaderBg": "#1153ab",
          "sidebarHeaderTextColor": "#ffffff",
          "sidebarText": "#ffffff",
          "sidebarTextActiveBorder": "#579eff",
          "sidebarTextActiveColor": "#ffffff",
          "sidebarTextHoverBg": "#4578bf",
          "sidebarUnreadText": "#ffffff",
          "type": "Mattermost",
        }
      }
    />
  </React.Fragment>
</KeyboardLayout>
`;
