// Jest Snapshot v1, https://goo.gl/fbAQLP

exports[`LoadingPlaceholder should match snapshot 1`] = `
ShallowWrapper {
  "length": 1,
  Symbol(enzyme.__root__): [Circular],
  Symbol(enzyme.__unrendered__): <LoadingPlaceholder />,
  Symbol(enzyme.__renderer__): Object {
    "batchedUpdates": [Function],
    "getNode": [Function],
    "render": [Function],
    "simulateEvent": [Function],
    "unmount": [Function],
  },
  Symbol(enzyme.__node__): Object {
    "instance": null,
    "key": undefined,
    "nodeType": "class",
    "props": Object {
      "accessible": true,
      "allowFontScaling": true,
      "children": Array [
        <InjectIntl(FormattedText)
          defaultMessage="Loading"
          id="loading_screen.loading"
        />,
        <AnimatedEllipsis
          animationDelay={300}
          minOpacity={0.4}
          numberOfDots={3}
          style={
            Object {
              "fontSize": 28,
              "letterSpacing": -3,
              "lineHeight": 30,
              "marginLeft": 5,
            }
          }
        />,
      ],
      "ellipsizeMode": "tail",
    },
    "ref": null,
    "rendered": Array [
      Object {
        "instance": null,
        "key": undefined,
        "nodeType": "class",
        "props": Object {
          "defaultMessage": "Loading",
          "id": "loading_screen.loading",
        },
        "ref": null,
        "rendered": null,
        "type": [Function],
      },
      Object {
        "instance": null,
        "key": undefined,
        "nodeType": "class",
        "props": Object {
          "animationDelay": 300,
          "minOpacity": 0.4,
          "numberOfDots": 3,
          "style": Object {
            "fontSize": 28,
            "letterSpacing": -3,
            "lineHeight": 30,
            "marginLeft": 5,
          },
        },
        "ref": null,
        "rendered": null,
        "type": [Function],
      },
    ],
    "type": [Function],
  },
  Symbol(enzyme.__nodes__): Array [
    Object {
      "instance": null,
      "key": undefined,
      "nodeType": "class",
      "props": Object {
        "accessible": true,
        "allowFontScaling": true,
        "children": Array [
          <InjectIntl(FormattedText)
            defaultMessage="Loading"
            id="loading_screen.loading"
          />,
          <AnimatedEllipsis
            animationDelay={300}
            minOpacity={0.4}
            numberOfDots={3}
            style={
              Object {
                "fontSize": 28,
                "letterSpacing": -3,
                "lineHeight": 30,
                "marginLeft": 5,
              }
            }
          />,
        ],
        "ellipsizeMode": "tail",
      },
      "ref": null,
      "rendered": Array [
        Object {
          "instance": null,
          "key": undefined,
          "nodeType": "class",
          "props": Object {
            "defaultMessage": "Loading",
            "id": "loading_screen.loading",
          },
          "ref": null,
          "rendered": null,
          "type": [Function],
        },
        Object {
          "instance": null,
          "key": undefined,
          "nodeType": "class",
          "props": Object {
            "animationDelay": 300,
            "minOpacity": 0.4,
            "numberOfDots": 3,
            "style": Object {
              "fontSize": 28,
              "letterSpacing": -3,
              "lineHeight": 30,
              "marginLeft": 5,
            },
          },
          "ref": null,
          "rendered": null,
          "type": [Function],
        },
      ],
      "type": [Function],
    },
  ],
  Symbol(enzyme.__options__): Object {
    "adapter": ReactSixteenAdapter {
      "options": Object {
        "enableComponentDidUpdateOnSetState": true,
      },
    },
  },
}
`;
