// Jest Snapshot v1, https://goo.gl/fbAQLP

exports[`CustomList should match snapshot 1`] = `
<Component
  style={
    Object {
      "flex": 1,
    }
  }
>
  <ListViewMock
    dataSource={
      ListViewDataSource {
        "items": 2,
      }
    }
    enableEmptySections={true}
    initialListSize={0}
    onEndReached={[Function]}
    onEndReachedThreshold={0}
    pageSize={0}
    renderFooter={[Function]}
    renderRow={[Function]}
    renderScrollComponent={[Function]}
    renderSectionHeader={[Function]}
    renderSeparator={[Function]}
    scrollRenderAheadDistance={0}
    style={
      Object {
        "backgroundColor": "#ffffff",
        "flex": 1,
      }
    }
  />
</Component>
`;

exports[`CustomList should match snapshot, renderFooter 1`] = `null`;

exports[`CustomList should match snapshot, renderFooter 2`] = `
<Component
  style={
    Object {
      "alignItems": "center",
      "backgroundColor": "#ffffff",
      "height": 70,
      "justifyContent": "center",
    }
  }
>
  <FormattedText
    defaultMessage="Loading Members..."
    id="mobile.loading_members"
    style={
      Object {
        "color": "rgba(61,60,64,0.6)",
      }
    }
  />
</Component>
`;

exports[`CustomList should match snapshot, renderSectionHeader 1`] = `
<Component
  style={
    Object {
      "backgroundColor": "#ffffff",
    }
  }
>
  <Component
    style={
      Object {
        "backgroundColor": "rgba(61,60,64,0.07)",
        "paddingLeft": 10,
        "paddingVertical": 2,
      }
    }
  >
    <Component
      style={
        Object {
          "color": "#3d3c40",
          "fontWeight": "600",
        }
      }
    >
      section_id
    </Component>
  </Component>
</Component>
`;

exports[`CustomList should match snapshot, renderSeparator 1`] = `
<Component
  style={
    Object {
      "backgroundColor": "rgba(61,60,64,0.1)",
      "flex": 1,
      "height": 1,
    }
  }
/>
`;
